// Vitest Snapshot v1, https://vitest.dev/guide/snapshot.html

exports[`oraclePool > quote > quote token0 1`] = `999n`;
